[    0.000000] Linux version 4.15.0-200-generic (buildd@lcy02-amd64-069) (gcc version 7.5.0 (Ubuntu 7.5.0-3ubuntu1~18.04)) #211-Ubuntu SMP Thu Nov 24 18:16:04 UTC 2022 (Ubuntu 4.15.0-200.211-generic 4.15.18)
[    0.000000] Command line: BOOT_IMAGE=/boot/vmlinuz-4.15.0-200-generic root=LABEL=cloudimg-rootfs ro console=tty1 console=ttyS0
[    0.000000] KERNEL supported cpus:
[    0.000000]   Intel GenuineIntel
[    0.000000]   AMD AuthenticAMD
[    0.000000]   Centaur CentaurHauls
[    0.000000] x86/fpu: Supporting XSAVE feature 0x001: 'x87 floating point registers'
[    0.000000] x86/fpu: Supporting XSAVE feature 0x002: 'SSE registers'
[    0.000000] x86/fpu: Supporting XSAVE feature 0x004: 'AVX registers'
[    0.000000] x86/fpu: xstate_offset[2]:  576, xstate_sizes[2]:  256
[    0.000000] x86/fpu: Enabled xstate features 0x7, context size is 832 bytes, using 'standard' format.
[    0.000000] e820: BIOS-provided physical RAM map:
[    0.000000] BIOS-e820: [mem 0x0000000000000000-0x000000000009fbff] usable
[    0.000000] BIOS-e820: [mem 0x000000000009fc00-0x000000000009ffff] reserved
[    0.000000] BIOS-e820: [mem 0x00000000000f0000-0x00000000000fffff] reserved
[    0.000000] BIOS-e820: [mem 0x0000000000100000-0x000000003ffeffff] usable
[    0.000000] BIOS-e820: [mem 0x000000003fff0000-0x000000003fffffff] ACPI data
[    0.000000] BIOS-e820: [mem 0x00000000fec00000-0x00000000fec00fff] reserved
[    0.000000] BIOS-e820: [mem 0x00000000fee00000-0x00000000fee00fff] reserved
[    0.000000] BIOS-e820: [mem 0x00000000fffc0000-0x00000000ffffffff] reserved
[    0.000000] NX (Execute Disable) protection: active
[    0.000000] SMBIOS 2.5 present.
[    0.000000] DMI: innotek GmbH VirtualBox/VirtualBox, BIOS VirtualBox 12/01/2006
[    0.000000] Hypervisor detected: KVM
[    0.000000] e820: last_pfn = 0x3fff0 max_arch_pfn = 0x400000000
[    0.000000] MTRR: Disabled
[    0.000000] x86/PAT: MTRRs disabled, skipping PAT initialization too.
[    0.000000] CPU MTRRs all blank - virtualized system.
[    0.000000] x86/PAT: Configuration [0-7]: WB  WT  UC- UC  WB  WT  UC- UC  
[    0.000000] found SMP MP-table at [mem 0x0009fff0-0x0009ffff]
[    0.000000] Scanning 1 areas for low memory corruption
[    0.000000] RAMDISK: [mem 0x359c9000-0x36cdbfff]
[    0.000000] ACPI: Early table checksum verification disabled
[    0.000000] ACPI: RSDP 0x00000000000E0000 000024 (v02 VBOX  )
[    0.000000] ACPI: XSDT 0x000000003FFF0030 00003C (v01 VBOX   VBOXXSDT 00000001 ASL  00000061)
[    0.000000] ACPI: FACP 0x000000003FFF00F0 0000F4 (v04 VBOX   VBOXFACP 00000001 ASL  00000061)
[    0.000000] ACPI: DSDT 0x000000003FFF0610 002353 (v02 VBOX   VBOXBIOS 00000002 INTL 20200528)
[    0.000000] ACPI: FACS 0x000000003FFF0200 000040
[    0.000000] ACPI: FACS 0x000000003FFF0200 000040
[    0.000000] ACPI: APIC 0x000000003FFF0240 00005C (v02 VBOX   VBOXAPIC 00000001 ASL  00000061)
[    0.000000] ACPI: SSDT 0x000000003FFF02A0 00036C (v01 VBOX   VBOXCPUT 00000002 INTL 20200528)
[    0.000000] ACPI: Reserving FACP table memory at [mem 0x3fff00f0-0x3fff01e3]
[    0.000000] ACPI: Reserving DSDT table memory at [mem 0x3fff0610-0x3fff2962]
[    0.000000] ACPI: Reserving FACS table memory at [mem 0x3fff0200-0x3fff023f]
[    0.000000] ACPI: Reserving FACS table memory at [mem 0x3fff0200-0x3fff023f]
[    0.000000] ACPI: Reserving APIC table memory at [mem 0x3fff0240-0x3fff029b]
[    0.000000] ACPI: Reserving SSDT table memory at [mem 0x3fff02a0-0x3fff060b]
[    0.000000] No NUMA configuration found
[    0.000000] Faking a node at [mem 0x0000000000000000-0x000000003ffeffff]
[    0.000000] NODE_DATA(0) allocated [mem 0x3ffc5000-0x3ffeffff]
[    0.000000] kvm-clock: cpu 0, msr 0:3ff44001, primary cpu clock
[    0.000000] kvm-clock: Using msrs 4b564d01 and 4b564d00
[    0.000000] kvm-clock: using sched offset of 3713932008 cycles
[    0.000000] clocksource: kvm-clock: mask: 0xffffffffffffffff max_cycles: 0x1cd42e4dffb, max_idle_ns: 881590591483 ns
[    0.000000] Zone ranges:
[    0.000000]   DMA      [mem 0x0000000000001000-0x0000000000ffffff]
[    0.000000]   DMA32    [mem 0x0000000001000000-0x000000003ffeffff]
[    0.000000]   Normal   empty
[    0.000000]   Device   empty
[    0.000000] Movable zone start for each node
[    0.000000] Early memory node ranges
[    0.000000]   node   0: [mem 0x0000000000001000-0x000000000009efff]
[    0.000000]   node   0: [mem 0x0000000000100000-0x000000003ffeffff]
[    0.000000] Reserved but unavailable: 104 pages
[    0.000000] Initmem setup node 0 [mem 0x0000000000001000-0x000000003ffeffff]
[    0.000000] ACPI: PM-Timer IO Port: 0x4008
[    0.000000] IOAPIC[0]: apic_id 2, version 32, address 0xfec00000, GSI 0-23
[    0.000000] ACPI: INT_SRC_OVR (bus 0 bus_irq 0 global_irq 2 dfl dfl)
[    0.000000] ACPI: INT_SRC_OVR (bus 0 bus_irq 9 global_irq 9 low level)
[    0.000000] Using ACPI (MADT) for SMP configuration information
[    0.000000] smpboot: Allowing 2 CPUs, 0 hotplug CPUs
[    0.000000] PM: Registered nosave memory: [mem 0x00000000-0x00000fff]
[    0.000000] PM: Registered nosave memory: [mem 0x0009f000-0x0009ffff]
[    0.000000] PM: Registered nosave memory: [mem 0x000a0000-0x000effff]
[    0.000000] PM: Registered nosave memory: [mem 0x000f0000-0x000fffff]
[    0.000000] e820: [mem 0x40000000-0xfebfffff] available for PCI devices
[    0.000000] Booting paravirtualized kernel on KVM
[    0.000000] clocksource: refined-jiffies: mask: 0xffffffff max_cycles: 0xffffffff, max_idle_ns: 7645519600211568 ns
[    0.000000] setup_percpu: NR_CPUS:8192 nr_cpumask_bits:2 nr_cpu_ids:2 nr_node_ids:1
[    0.000000] percpu: Embedded 50 pages/cpu s167936 r8192 d28672 u1048576
[    0.000000] PV qspinlock hash table entries: 256 (order: 0, 4096 bytes)
[    0.000000] Built 1 zonelists, mobility grouping on.  Total pages: 257913
[    0.000000] Policy zone: DMA32
[    0.000000] Kernel command line: BOOT_IMAGE=/boot/vmlinuz-4.15.0-200-generic root=LABEL=cloudimg-rootfs ro console=tty1 console=ttyS0
[    0.000000] Memory: 982648K/1048120K available (12300K kernel code, 2477K rwdata, 4320K rodata, 2472K init, 2720K bss, 65472K reserved, 0K cma-reserved)
[    0.000000] SLUB: HWalign=64, Order=0-3, MinObjects=0, CPUs=2, Nodes=1
[    0.000000] Kernel/User page tables isolation: enabled
[    0.000000] ftrace: allocating 39478 entries in 155 pages
[    0.004000] Hierarchical RCU implementation.
[    0.004000] 	RCU restricting CPUs from NR_CPUS=8192 to nr_cpu_ids=2.
[    0.004000] 	Tasks RCU enabled.
[    0.004000] RCU: Adjusting geometry for rcu_fanout_leaf=16, nr_cpu_ids=2
[    0.004000] NR_IRQS: 524544, nr_irqs: 440, preallocated irqs: 16
[    0.004000] random: crng init done
[    0.004000] Console: colour VGA+ 80x25
[    0.004000] console [tty1] enabled
[    0.004000] console [ttyS0] enabled
[    0.004000] ACPI: Core revision 20170831
[    0.004000] ACPI: 2 ACPI AML tables successfully acquired and loaded
[    0.004000] APIC: Switch to symmetric I/O mode setup
[    0.004593] x2apic enabled
[    0.008021] Switched APIC routing to physical x2apic.
[    0.016000] ..TIMER: vector=0x30 apic1=0 pin1=2 apic2=-1 pin2=-1
[    0.016003] tsc: Detected 1613.234 MHz processor
[    0.020012] Calibrating delay loop (skipped) preset value.. 3226.46 BogoMIPS (lpj=6452936)
[    0.024003] pid_max: default: 32768 minimum: 301
[    0.028054] Security Framework initialized
[    0.032004] Yama: becoming mindful.
[    0.036055] AppArmor: AppArmor initialized
[    0.040460] Dentry cache hash table entries: 131072 (order: 8, 1048576 bytes)
[    0.044879] Inode-cache hash table entries: 65536 (order: 7, 524288 bytes)
[    0.048043] Mount-cache hash table entries: 2048 (order: 2, 16384 bytes)
[    0.052037] Mountpoint-cache hash table entries: 2048 (order: 2, 16384 bytes)
[    0.057460] Last level iTLB entries: 4KB 64, 2MB 8, 4MB 8
[    0.060003] Last level dTLB entries: 4KB 64, 2MB 0, 4MB 0, 1GB 4
[    0.064019] Spectre V1 : Mitigation: usercopy/swapgs barriers and __user pointer sanitization
[    0.068005] Spectre V2 : Mitigation: Retpolines
[    0.072002] Spectre V2 : Spectre v2 / SpectreRSB mitigation: Filling RSB on context switch
[    0.076003] Speculative Store Bypass: Vulnerable
[    0.080123] MDS: Mitigation: Clear CPU buffers
[    0.084002] MMIO Stale Data: Mitigation: Clear CPU buffers
[    0.088019] SRBDS: Unknown: Dependent on hypervisor status
[    0.092251] Freeing SMP alternatives memory: 36K
[    0.213387] APIC calibration not consistent with PM-Timer: 103ms instead of 100ms
[    0.216000] APIC delta adjusted to PM-Timer: 6301969 (6541915)
[    0.216243] smpboot: CPU0: Intel(R) Core(TM) i5-8210Y CPU @ 1.60GHz (family: 0x6, model: 0x8e, stepping: 0x9)
[    0.220319] Performance Events: unsupported p6 CPU model 142 no PMU driver, software events only.
[    0.224096] Hierarchical SRCU implementation.
[    0.228755] NMI watchdog: Perf event create on CPU 0 failed with -2
[    0.232002] NMI watchdog: Perf NMI watchdog permanently disabled
[    0.236155] smp: Bringing up secondary CPUs ...
[    0.239790] x86: Booting SMP configuration:
[    0.240003] .... node  #0, CPUs:      #1
[    0.004000] kvm-clock: cpu 1, msr 0:3ff44041, secondary cpu clock
[    0.248136] smp: Brought up 1 node, 2 CPUs
[    0.252006] smpboot: Max logical packages: 1
[    0.256004] smpboot: Total of 2 processors activated (6452.93 BogoMIPS)
[    0.260273] devtmpfs: initialized
[    0.264082] x86/mm: Memory block size: 128MB
[    0.268279] evm: security.selinux
[    0.272003] evm: security.SMACK64
[    0.274440] evm: security.SMACK64EXEC
[    0.278771] evm: security.SMACK64TRANSMUTE
[    0.280003] evm: security.SMACK64MMAP
[    0.284002] evm: security.apparmor
[    0.286501] evm: security.ima
[    0.288000] evm: security.capability
[    0.288194] clocksource: jiffies: mask: 0xffffffff max_cycles: 0xffffffff, max_idle_ns: 7645041785100000 ns
[    0.292040] futex hash table entries: 512 (order: 3, 32768 bytes)
[    0.296122] pinctrl core: initialized pinctrl subsystem
[    0.300000] RTC time:  7:15:35, date: 12/24/22
[    0.300419] NET: Registered protocol family 16
[    0.304095] audit: initializing netlink subsys (disabled)
[    0.308044] audit: type=2000 audit(1671866140.456:1): state=initialized audit_enabled=0 res=1
[    0.312008] cpuidle: using governor ladder
[    0.316009] cpuidle: using governor menu
[    0.320044] ACPI: bus type PCI registered
[    0.322903] acpiphp: ACPI Hot Plug PCI Controller Driver version: 0.5
[    0.324410] PCI: Using configuration type 1 for base access
[    0.333430] HugeTLB registered 2.00 MiB page size, pre-allocated 0 pages
[    0.336212] ACPI: Added _OSI(Module Device)
[    0.340004] ACPI: Added _OSI(Processor Device)
[    0.344003] ACPI: Added _OSI(3.0 _SCP Extensions)
[    0.348003] ACPI: Added _OSI(Processor Aggregator Device)
[    0.352004] ACPI: Added _OSI(Linux-Dell-Video)
[    0.356003] ACPI: Added _OSI(Linux-Lenovo-NV-HDMI-Audio)
[    0.360003] ACPI: Added _OSI(Linux-HPI-Hybrid-Graphics)
[    0.364710] ACPI: Executed 1 blocks of module-level executable AML code
[    0.372000] ACPI: Interpreter enabled
[    0.372014] ACPI: (supports S0 S5)
[    0.375133] ACPI: Using IOAPIC for interrupt routing
[    0.376443] PCI: Using host bridge windows from ACPI; if necessary, use "pci=nocrs" and report a bug
[    0.380259] ACPI: Enabled 2 GPEs in block 00 to 07
[    0.400746] ACPI: PCI Root Bridge [PCI0] (domain 0000 [bus 00-ff])
[    0.404020] acpi PNP0A03:00: _OSC: OS supports [ASPM ClockPM Segments MSI]
[    0.408962] acpi PNP0A03:00: _OSC: not requesting OS control; OS requires [ExtendedConfig ASPM ClockPM MSI]
[    0.412030] acpi PNP0A03:00: fail to add MMCONFIG information, can't access extended PCI configuration space under this bridge.
[    0.417476] PCI host bridge to bus 0000:00
[    0.420011] pci_bus 0000:00: root bus resource [io  0x0000-0x0cf7 window]
[    0.424013] pci_bus 0000:00: root bus resource [io  0x0d00-0xffff window]
[    0.428013] pci_bus 0000:00: root bus resource [mem 0x000a0000-0x000bffff window]
[    0.432010] pci_bus 0000:00: root bus resource [mem 0x40000000-0xfdffffff window]
[    0.436010] pci_bus 0000:00: root bus resource [bus 00-ff]
[    0.452573] pci 0000:00:01.1: legacy IDE quirk: reg 0x10: [io  0x01f0-0x01f7]
[    0.456016] pci 0000:00:01.1: legacy IDE quirk: reg 0x14: [io  0x03f6]
[    0.460008] pci 0000:00:01.1: legacy IDE quirk: reg 0x18: [io  0x0170-0x0177]
[    0.464008] pci 0000:00:01.1: legacy IDE quirk: reg 0x1c: [io  0x0376]
[    0.528206] pci 0000:00:07.0: quirk: [io  0x4000-0x403f] claimed by PIIX4 ACPI
[    0.532038] pci 0000:00:07.0: quirk: [io  0x4100-0x410f] claimed by PIIX4 SMB
[    0.556830] ACPI: PCI Interrupt Link [LNKA] (IRQs 5 9 10 *11)
[    0.560616] ACPI: PCI Interrupt Link [LNKB] (IRQs 5 9 *10 11)
[    0.564218] ACPI: PCI Interrupt Link [LNKC] (IRQs 5 *9 10 11)
[    0.568000] ACPI: PCI Interrupt Link [LNKD] (IRQs 5 9 10 *11)
[    0.568538] SCSI subsystem initialized
[    0.572108] pci 0000:00:02.0: vgaarb: setting as boot VGA device
[    0.576000] pci 0000:00:02.0: vgaarb: VGA device added: decodes=io+mem,owns=io+mem,locks=none
[    0.576008] pci 0000:00:02.0: vgaarb: bridge control possible
[    0.580003] vgaarb: loaded
[    0.584048] ACPI: bus type USB registered
[    0.588031] usbcore: registered new interface driver usbfs
[    0.592065] usbcore: registered new interface driver hub
[    0.596030] usbcore: registered new device driver usb
[    0.604061] EDAC MC: Ver: 3.0.0
[    0.608392] PCI: Using ACPI for IRQ routing
[    0.612817] NetLabel: Initializing
[    0.615844] NetLabel:  domain hash size = 128
[    0.616007] NetLabel:  protocols = UNLABELED CIPSOv4 CALIPSO
[    0.620112] NetLabel:  unlabeled traffic allowed by default
[    0.628245] clocksource: Switched to clocksource kvm-clock
[    0.660461] VFS: Disk quotas dquot_6.6.0
[    0.678570] VFS: Dquot-cache hash table entries: 512 (order 0, 4096 bytes)
[    0.688954] AppArmor: AppArmor Filesystem Enabled
[    0.692224] pnp: PnP ACPI init
[    0.697188] pnp: PnP ACPI: found 3 devices
[    0.720696] clocksource: acpi_pm: mask: 0xffffff max_cycles: 0xffffff, max_idle_ns: 2085701024 ns
[    0.726858] NET: Registered protocol family 2
[    0.730660] IP idents hash table entries: 16384 (order: 5, 131072 bytes)
[    0.736729] TCP established hash table entries: 8192 (order: 4, 65536 bytes)
[    0.742240] TCP bind hash table entries: 8192 (order: 5, 131072 bytes)
[    0.747075] TCP: Hash tables configured (established 8192 bind 8192)
[    0.751703] UDP hash table entries: 512 (order: 2, 16384 bytes)
[    0.755912] UDP-Lite hash table entries: 512 (order: 2, 16384 bytes)
[    0.760984] NET: Registered protocol family 1
[    0.764427] pci 0000:00:00.0: Limiting direct PCI/PCI transfers
[    0.768625] pci 0000:00:01.0: Activating ISA DMA hang workarounds
[    0.773164] pci 0000:00:02.0: Video device with shadowed ROM at [mem 0x000c0000-0x000dffff]
[    0.779412] Unpacking initramfs...
[    1.190454] Freeing initrd memory: 19532K
[    1.193999] clocksource: tsc: mask: 0xffffffffffffffff max_cycles: 0x1740faa8ede, max_idle_ns: 440795245888 ns
[    1.200922] platform rtc_cmos: registered platform RTC device (no PNP device found)
[    1.206288] Scanning for low memory corruption every 60 seconds
[    1.211884] Initialise system trusted keyrings
[    1.215278] Key type blacklist registered
[    1.218457] workingset: timestamp_bits=36 max_order=18 bucket_order=0
[    1.224652] zbud: loaded
[    1.227459] squashfs: version 4.0 (2009/01/31) Phillip Lougher
[    1.232418] fuse init (API version 7.26)
[    1.249210] Key type asymmetric registered
[    1.252163] Asymmetric key parser 'x509' registered
[    1.255764] Block layer SCSI generic (bsg) driver version 0.4 loaded (major 246)
[    1.261131] io scheduler noop registered
[    1.264832] io scheduler deadline registered
[    1.267868] io scheduler cfq registered (default)
[    1.272218] ACPI: AC Adapter [AC] (on-line)
[    1.275822] input: Power Button as /devices/LNXSYSTM:00/LNXPWRBN:00/input/input0
[    1.281140] ACPI: Power Button [PWRF]
[    1.283955] input: Sleep Button as /devices/LNXSYSTM:00/LNXSLPBN:00/input/input1
[    1.289810] ACPI: Sleep Button [SLPF]
[    1.295592] ACPI: Battery Slot [BAT0] (battery present)
[    1.299556] Serial: 8250/16550 driver, 32 ports, IRQ sharing enabled
[    1.308734] 00:02: ttyS0 at I/O 0x3f8 (irq = 4, base_baud = 115200) is a 16550A
[    1.308734] Linux agpgart interface v0.103
[    1.348729] loop: module loaded
[    1.353967] scsi host0: ata_piix
[    1.356993] scsi host1: ata_piix
[    1.359749] ata1: PATA max UDMA/33 cmd 0x1f0 ctl 0x3f6 bmdma 0xd000 irq 14
[    1.365247] ata2: PATA max UDMA/33 cmd 0x170 ctl 0x376 bmdma 0xd008 irq 15
[    1.370673] tun: Universal TUN/TAP device driver, 1.6
[    1.374868] PPP generic driver version 2.4.2
[    1.378635] ehci_hcd: USB 2.0 'Enhanced' Host Controller (EHCI) Driver
[    1.384227] ehci-pci: EHCI PCI platform driver
[    1.387681] ehci-platform: EHCI generic platform driver
[    1.388155] ohci_hcd: USB 1.1 'Open' Host Controller (OHCI) Driver
[    1.398014] ohci-pci: OHCI PCI platform driver
[    1.402878] ohci-platform: OHCI generic platform driver
[    1.407172] uhci_hcd: USB Universal Host Controller Interface driver
[    1.411088] i8042: PNP: PS/2 Controller [PNP0303:PS2K,PNP0f03:PS2M] at 0x60,0x64 irq 1,12
[    1.422655] serio: i8042 KBD port at 0x60,0x64 irq 1
[    1.426585] serio: i8042 AUX port at 0x60,0x64 irq 12
[    1.430484] mousedev: PS/2 mouse device common for all mice
[    1.437075] input: AT Translated Set 2 keyboard as /devices/platform/i8042/serio0/input/input2
[    1.437727] rtc_cmos rtc_cmos: rtc core: registered rtc_cmos as rtc0
[    1.450403] rtc_cmos rtc_cmos: alarms up to one day, 114 bytes nvram
[    1.454986] i2c /dev entries driver
[    1.457865] device-mapper: uevent: version 1.0.3
[    1.461727] device-mapper: ioctl: 4.37.0-ioctl (2017-09-20) initialised: dm-devel@redhat.com
[    1.468377] ledtrig-cpu: registered to indicate activity on CPUs
[    1.473746] NET: Registered protocol family 10
[    1.484663] Segment Routing with IPv6
[    1.487724] NET: Registered protocol family 17
[    1.491150] Key type dns_resolver registered
[    1.494825] mce: Using 0 MCE banks
[    1.497709] RAS: Correctable Errors collector initialized.
[    1.502028] sched_clock: Marking stable (1501973768, 0)->(2135425116, -633451348)
[    1.510409] registered taskstats version 1
[    1.513957] Loading compiled-in X.509 certificates
[    1.522276] Loaded X.509 cert 'Build time autogenerated kernel key: 29e5beaa583364da097e68c9386761f80dbce7ef'
[    1.533353] Loaded X.509 cert 'Canonical Ltd. Live Patch Signing: 14df34d1a87cf37625abec039ef2bf521249b969'
[    1.547173] Loaded X.509 cert 'Canonical Ltd. Kernel Module Signing: 88f752e560a1e0737e31163a466ad7b70a850c19'
[    1.561352] blacklist: Loading compiled-in revocation X.509 certificates
[    1.571733] Loaded X.509 cert 'Canonical Ltd. Secure Boot Signing: 61482aa2830d0ab2ad5af10b7250da9033ddcef0'
[    1.586758] zswap: loaded using pool lzo/zbud
[    1.632667] Key type big_key registered
[    1.638319] Key type trusted registered
[    1.649429] Key type encrypted registered
[    1.654891] AppArmor: AppArmor sha1 policy hashing enabled
[    1.661429] ima: No TPM chip found, activating TPM-bypass! (rc=-19)
[    1.668700] ima: Allocated hash algorithm: sha1
[    1.674799] evm: HMAC attrs: 0x1
[    1.679457]   Magic number: 2:302:269
[    1.683543] rtc_cmos rtc_cmos: setting system clock to 2022-12-24 07:15:37 UTC (1671866137)
[    1.693148] BIOS EDD facility v0.16 2004-Jun-25, 0 devices found
[    1.698806] EDD information not available.
[    1.707690] Freeing unused kernel image memory: 2472K
[    1.728322] Write protecting the kernel read-only data: 20480k
[    1.738614] Freeing unused kernel image memory: 2008K
[    1.743669] Freeing unused kernel image memory: 1824K
[    1.754820] x86/mm: Checked W+X mappings: passed, no W+X pages found.
[    1.759947] x86/mm: Checking user space page tables
[    1.770243] x86/mm: Checked W+X mappings: passed, no W+X pages found.
Loading, please wait...
starting version 237
[    1.877826] e1000: Intel(R) PRO/1000 Network Driver - version 7.3.21-k8-NAPI
[    1.883841] e1000: Copyright (c) 1999-2006 Intel Corporation.
[    1.897728] Fusion MPT base driver 3.04.20
[    1.901699] Copyright (c) 1999-2008 LSI Corporation
[    1.911225] Fusion MPT SPI Host driver 3.04.20
[    1.945828] AVX2 version of gcm_enc/dec engaged.
[    1.950517] AES CTR mode by8 optimization enabled
[    2.154116] input: ImExPS/2 Generic Explorer Mouse as /devices/platform/i8042/serio1/input/input4
[    2.469772] e1000 0000:00:03.0 eth0: (PCI:33MHz:32-bit) 02:40:49:ac:f0:20
[    2.475403] e1000 0000:00:03.0 eth0: Intel(R) PRO/1000 Network Connection
[    3.032953] e1000 0000:00:08.0 eth1: (PCI:33MHz:32-bit) 08:00:27:80:83:78
[    3.038042] e1000 0000:00:08.0 eth1: Intel(R) PRO/1000 Network Connection
[    3.046276] mptbase: ioc0: Initiating bringup
[    3.161531] ioc0: LSI53C1030 A0: Capabilities={Initiator}
[    3.423110] scsi host2: ioc0: LSI53C1030 A0, FwRev=00000000h, Ports=1, MaxQ=256, IRQ=20
[    3.609514] scsi 2:0:0:0: Direct-Access     VBOX     HARDDISK         1.0  PQ: 0 ANSI: 5
[    3.671134] scsi target2:0:0: Beginning Domain Validation
[    3.718637] scsi target2:0:0: Domain Validation skipping write tests
[    3.723869] scsi target2:0:0: Ending Domain Validation
[    3.728594] scsi target2:0:0: asynchronous
[    3.733565] scsi 2:0:1:0: Direct-Access     VBOX     HARDDISK         1.0  PQ: 0 ANSI: 5
[    3.966320] scsi target2:0:1: Beginning Domain Validation
[    3.981135] scsi target2:0:1: Domain Validation skipping write tests
[    3.988588] scsi target2:0:1: Ending Domain Validation
[    3.995638] scsi target2:0:1: asynchronous
[    4.012076] sd 2:0:0:0: [sda] 83886080 512-byte logical blocks: (42.9 GB/40.0 GiB)
[    4.019251] sd 2:0:0:0: Attached scsi generic sg0 type 0
[    4.024499] sd 2:0:0:0: [sda] Write Protect is off
[    4.029957] sd 2:0:1:0: [sdb] 20480 512-byte logical blocks: (10.5 MB/10.0 MiB)
[    4.036419] sd 2:0:0:0: [sda] Incomplete mode parameter data
[    4.041026] sd 2:0:0:0: [sda] Assuming drive cache: write through
[    4.052163] sd 2:0:1:0: Attached scsi generic sg1 type 0
[    4.059232] sd 2:0:1:0: [sdb] Write Protect is off
[    4.063436] sd 2:0:1:0: [sdb] Incomplete mode parameter data
[    4.068211] sd 2:0:1:0: [sdb] Assuming drive cache: write through
[    4.079757]  sda: sda1
[    4.086062] sd 2:0:1:0: [sdb] Attached SCSI disk
[    4.090534] sd 2:0:0:0: [sda] Attached SCSI disk
[    4.175534] e1000 0000:00:09.0 eth2: (PCI:33MHz:32-bit) 08:00:27:3c:58:b6
[    4.180614] e1000 0000:00:09.0 eth2: Intel(R) PRO/1000 Network Connection
[    4.187805] e1000 0000:00:09.0 enp0s9: renamed from eth2
[    4.286589] e1000 0000:00:08.0 enp0s8: renamed from eth1
[    4.354144] e1000 0000:00:03.0 enp0s3: renamed from eth0
Begin: Loading essential drivers ... [    6.748392] raid6: sse2x1   gen()  9301 MB/s
[    6.803345] raid6: sse2x1   xor()  6919 MB/s
[    6.870066] raid6: sse2x2   gen() 15123 MB/s
[    6.926247] raid6: sse2x2   xor()  8454 MB/s
[    6.975996] raid6: sse2x4   gen() 13358 MB/s
[    7.025755] raid6: sse2x4   xor()  8888 MB/s
[    7.090403] raid6: avx2x1   gen() 21826 MB/s
[    7.162040] raid6: avx2x1   xor() 13577 MB/s
[    7.233878] raid6: avx2x2   gen() 21492 MB/s
[    7.285513] raid6: avx2x2   xor() 13401 MB/s
[    7.345077] raid6: avx2x4   gen() 19946 MB/s
[    7.404549] raid6: avx2x4   xor()  8153 MB/s
[    7.410323] raid6: using algorithm avx2x1 gen() 21826 MB/s
[    7.417874] raid6: .... xor() 13577 MB/s, rmw enabled
[    7.422165] raid6: using avx2x2 recovery algorithm
[    7.430127] xor: automatically using best checksumming function   avx       
[    7.438064] async_tx: api initialized (async)
done.
Begin: Running /scripts/init-premount ... done.
Begin: Mounting root file system ... Begin: Running /scripts/local-top ... done.
Begin: Running /scripts/local-premount ... [    7.513893] Btrfs loaded, crc32c=crc32c-intel
Scanning for Btrfs filesystems
done.
Warning: fsck not present, so skipping root file system
[    7.566811] EXT4-fs (sda1): mounted filesystem with ordered data mode. Opts: (null)
done.
Begin: Running /scripts/local-bottom ... done.
Begin: Running /scripts/init-bottom ... done.
[    7.793371] ip_tables: (C) 2000-2006 Netfilter Core Team
[    7.811708] systemd[1]: systemd 237 running in system mode. (+PAM +AUDIT +SELINUX +IMA +APPARMOR +SMACK +SYSVINIT +UTMP +LIBCRYPTSETUP +GCRYPT +GNUTLS +ACL +XZ +LZ4 +SECCOMP +BLKID +ELFUTILS +KMOD -IDN2 +IDN -PCRE2 default-hierarchy=hybrid)
[    7.826508] systemd[1]: Detected virtualization oracle.
[    7.830259] systemd[1]: Detected architecture x86-64.

Welcome to [1mUbuntu 18.04.6 LTS[0m!

[    7.851126] systemd[1]: Set hostname to <ubuntu>.
[    7.862091] systemd[1]: Initializing machine ID from random generator.
[    7.867008] systemd[1]: Installed transient /etc/machine-id file.
[    8.207750] systemd[1]: Reached target System Time Synchronized.
[[0;32m  OK  [0m] Reached target System Time Synchronized.
[    8.214377] systemd[1]: Reached target Swap.
[[0;32m  OK  [0m] Reached target Swap.
[    8.219507] systemd[1]: Started Forward Password Requests to Wall Directory Watch.
[[0;32m  OK  [0m] Started Forward Password Requests to Wall Directory Watch.
[    8.234133] systemd[1]: Created slice System Slice.
[[0;32m  OK  [0m] Created slice System Slice.
[[0;32m  OK  [0m] Listening on Journal Socket.
         Mounting Kernel Debug File System...
[[0;32m  OK  [0m] Listening on Network Service Netlink Socket.
[[0;32m  OK  [0m] Listening on LVM2 poll daemon socket.
[[0;32m  OK  [0m] Listening on udev Kernel Socket.
         Starting Load Kernel Modules...
[[0;32m  OK  [0m] Listening on Journal Socket (/dev/log).
[[0;32m  OK  [0m] Listening on Syslog Socket.
         Starting Uncomplicated firewall...
[[0;32m  OK  [0m] Listening on Device-mapper event daemon FIFOs.
         Mounting Huge Pages File System...
         Starting Create list of required stâ€¦ce nodes for the current kernel...
         Mounting POSIX Message Queue File System...
[[0;32m  OK  [0m] Created slice User and Session Slice.
[[0;32m  OK  [0m] Reached target Slices.
         Starting Set the console keyboard layout...
[[0;32m  OK  [0m] Listening on udev Control Socket.
         Starting udev Coldplug all Devices...
[    8.302628] Loading iSCSI transport class v2.0-870.
[[0;32m  OK  [0m] Reached target User and Group Name Lookups.
[[0;32m  OK  [0m] Created slice system-serial\x2dgetty.slice.
[[0;32m  OK  [0m] Listening on fsck to fsckd communication Socket.
         Starting File System Check on Root Device...
[[0;32m  OK  [0m] Listening on LVM2 metadata daemon socket.
         Starting Monitoring of LVM2 mirrorsâ€¦ng dmeventd or progress polling...
[[0;32m  OK  [0m] Listening on /dev/initctl Compatibility Named Pipe.
[[0;32m  OK  [0m] Set up automount Arbitrary Executabâ€¦rmats File System Automount Point.
[[0;32m  OK  [0m] Listening on Journal Audit Socket.
         Starting Journal Service...
[    8.362297] iscsi: registered transport (tcp)
[    8.394569] iscsi: registered transport (iser)
[[0;32m  OK  [0m] Mounted Kernel Debug File System.
[[0;32m  OK  [0m] Started Load Kernel Modules.
[[0;32m  OK  [0m] Started Uncomplicated firewall.
[[0;32m  OK  [0m] Mounted Huge Pages File System.
[[0;32m  OK  [0m] Started Create list of required staâ€¦vice nodes for the current kernel.
[[0;32m  OK  [0m] Mounted POSIX Message Queue File System.
[[0;32m  OK  [0m] Started File System Check Daemon to report status.
[[0;32m  OK  [0m] Started LVM2 metadata daemon.
         Starting Create Static Device Nodes in /dev...
         Starting Apply Kernel Variables...
         Mounting Kernel Configuration File System...
         Mounting FUSE Control File System...
[[0;32m  OK  [0m] Mounted FUSE Control File System.
[[0;32m  OK  [0m] Mounted Kernel Configuration File System.
[[0;32m  OK  [0m] Started Journal Service.
[[0;32m  OK  [0m] Started Create Static Device Nodes in /dev.
[[0;32m  OK  [0m] Started File System Check on Root Device.
         Starting Remount Root and Kernel File Systems...
[[0;32m  OK  [0m] Started udev Coldplug all Devices.
[[0;32m  OK  [0m] Started Apply Kernel Variables.
[[0;32m  OK  [0m] Started Remount Root and Kernel File Systems.
[[0;32m  OK  [0m] Started Monitoring of LVM2 mirrors,â€¦sing dmeventd or progress polling.
         Starting Load/Save Random Seed...
         Starting udev Kernel Device Manager...
         Starting Flush Journal to Persistent Storage...
[[0;32m  OK  [0m] Started Load/Save Random Seed.
[[0;32m  OK  [0m] Started udev Kernel Device Manager.
[[0;32m  OK  [0m] Started Flush Journal to Persistent Storage.
[[0;32m  OK  [0m] Found device /dev/ttyS0.
[[0;32m  OK  [0m] Listening on Load/Save RF Kill Switch Status /dev/rfkill Watch.
         Mounting Arbitrary Executable File Formats File System...
[[0;32m  OK  [0m] Mounted Arbitrary Executable File Formats File System.
[[0;32m  OK  [0m] Started Set the console keyboard layout.
[[0;32m  OK  [0m] Reached target Local File Systems (Pre).
[[0;32m  OK  [0m] Reached target Local File Systems.
         Starting Commit a transient machine-id on disk...
         Starting Create Volatile Files and Directories...
         Starting Set console font and keymap...
         Starting Tell Plymouth To Write Out Runtime Data...
         Starting ebtables ruleset management...
         Starting AppArmor initialization...
[[0;32m  OK  [0m] Started Dispatch Password Requests to Console Directory Watch.
[[0;32m  OK  [0m] Reached target Local Encrypted Volumes.
[[0;32m  OK  [0m] Started Tell Plymouth To Write Out Runtime Data.
[[0;32m  OK  [0m] Started Create Volatile Files and Directories.
         Starting Update UTMP about System Boot/Shutdown...
[[0;32m  OK  [0m] Started Update UTMP about System Boot/Shutdown.
[[0;32m  OK  [0m] Started Commit a transient machine-id on disk.
[[0;32m  OK  [0m] Started ebtables ruleset management.
[[0;32m  OK  [0m] Started AppArmor initialization.
         Starting Load AppArmor profiles managed internally by snapd...
         Starting Initial cloud-init job (pre-networking)...
[[0;32m  OK  [0m] Started Load AppArmor profiles managed internally by snapd.
[[0;32m  OK  [0m] Started Set console font and keymap.
[   14.754948] cloud-init[837]: Cloud-init v. 22.4.2-0ubuntu0~18.04.1 running 'init-local' at Sat, 24 Dec 2022 07:15:50 +0000. Up 14.22 seconds.
[[0;32m  OK  [0m] Started Initial cloud-init job (pre-networking).
[[0;32m  OK  [0m] Reached target Network (Pre).
         Starting Network Service...
[[0;32m  OK  [0m] Started Network Service.
         Starting Wait for Network to be Configured...
         Starting Network Name Resolution...
[[0;32m  OK  [0m] Started Network Name Resolution.
[[0;32m  OK  [0m] Reached target Network.
[[0;32m  OK  [0m] Reached target Host and Network Name Lookups.
[[0;32m  OK  [0m] Started Wait for Network to be Configured.
         Starting Initial cloud-init job (metadata service crawler)...
[   17.482871] cloud-init[967]: Cloud-init v. 22.4.2-0ubuntu0~18.04.1 running 'init' at Sat, 24 Dec 2022 07:15:53 +0000. Up 17.28 seconds.
[   17.486722] cloud-init[967]: ci-info: ++++++++++++++++++++++++++++++++++++++Net device info+++++++++++++++++++++++++++++++++++++++
[   17.490292] cloud-init[967]: ci-info: +--------+-------+----------------------------+---------------+--------+-------------------+
[   17.493914] cloud-init[967]: ci-info: | Device |   Up  |          Address           |      Mask     | Scope  |     Hw-Address    |
[   17.498048] cloud-init[967]: ci-info: +--------+-------+----------------------------+---------------+--------+-------------------+
[   17.501734] cloud-init[967]: ci-info: | enp0s3 |  True |         10.0.2.15          | 255.255.255.0 | global | 02:40:49:ac:f0:20 |
[   17.505918] cloud-init[967]: ci-info: | enp0s3 |  True | fe80::40:49ff:feac:f020/64 |       .       |  link  | 02:40:49:ac:f0:20 |
[   17.509970] cloud-init[967]: ci-info: | enp0s8 | False |             .              |       .       |   .    | 08:00:27:80:83:78 |
[   17.513629] cloud-init[967]: ci-info: | enp0s9 | False |             .              |       .       |   .    | 08:00:27:3c:58:b6 |
[   17.517331] cloud-init[967]: ci-info: |   lo   |  True |         127.0.0.1          |   255.0.0.0   |  host  |         .         |
[   17.521580] cloud-init[967]: ci-info: |   lo   |  True |          ::1/128           |       .       |  host  |         .         |
[   17.525410] cloud-init[967]: ci-info: +--------+-------+----------------------------+---------------+--------+-------------------+
[   17.529684] cloud-init[967]: ci-info: ++++++++++++++++++++++++++++Route IPv4 info+++++++++++++++++++++++++++++
[   17.533108] cloud-init[967]: ci-info: +-------+-------------+----------+-----------------+-----------+-------+
[   17.536426] cloud-init[967]: ci-info: | Route | Destination | Gateway  |     Genmask     | Interface | Flags |
[   17.539826] cloud-init[967]: ci-info: +-------+-------------+----------+-----------------+-----------+-------+
[   17.545103] cloud-init[967]: ci-info: |   0   |   0.0.0.0   | 10.0.2.2 |     0.0.0.0     |   enp0s3  |   UG  |
[   17.549080] cloud-init[967]: ci-info: |   1   |   10.0.2.0  | 0.0.0.0  |  255.255.255.0  |   enp0s3  |   U   |
[   17.553251] cloud-init[967]: ci-info: |   2   |   10.0.2.2  | 0.0.0.0  | 255.255.255.255 |   enp0s3  |   UH  |
[   17.557895] cloud-init[967]: ci-info: +-------+-------------+----------+-----------------+-----------+-------+
[   17.561482] cloud-init[967]: ci-info: +++++++++++++++++++Route IPv6 info+++++++++++++++++++
[   17.564610] cloud-init[967]: ci-info: +-------+-------------+---------+-----------+-------+
[   17.567868] cloud-init[967]: ci-info: | Route | Destination | Gateway | Interface | Flags |
[   17.571284] cloud-init[967]: ci-info: +-------+-------------+---------+-----------+-------+
[   17.574552] cloud-init[967]: ci-info: |   1   |  fe80::/64  |    ::   |   enp0s3  |   U   |
[   17.577991] cloud-init[967]: ci-info: |   3   |    local    |    ::   |   enp0s3  |   U   |
[   17.581441] cloud-init[967]: ci-info: |   4   |   ff00::/8  |    ::   |   enp0s3  |   U   |
[   17.584267] cloud-init[967]: ci-info: +-------+-------------+---------+-----------+-------+
[   18.592412] cloud-init[967]: Generating public/private rsa key pair.
[   18.600005] cloud-init[967]: Your identification has been saved in /etc/ssh/ssh_host_rsa_key.
[   18.607967] cloud-init[967]: Your public key has been saved in /etc/ssh/ssh_host_rsa_key.pub.
[   18.616691] cloud-init[967]: The key fingerprint is:
[   18.622765] cloud-init[967]: SHA256:jnFwJ5DPZcp+blZe+J3iCi1n5BBL5SV2HFJqtdjj+wk root@ubuntu-bionic
[   18.630713] cloud-init[967]: The key's randomart image is:
[   18.637489] cloud-init[967]: +---[RSA 2048]----+
[   18.644243] cloud-init[967]: |      ..   =o*.  |
[   18.650861] cloud-init[967]: |      ..  * X..  |
[   18.657054] cloud-init[967]: |      .+o*.= +   |
[   18.662914] cloud-init[967]: |       o*o+ . .  |
[   18.669654] cloud-init[967]: |      ..So . o   |
[   18.676715] cloud-init[967]: |       =. * o o  |
[   18.683695] cloud-init[967]: |      . .= B E ..|
[   18.687226] cloud-init[967]: |          O ..+.o|
[   18.693534] cloud-init[967]: |         o .o..o |
[   18.698439] cloud-init[967]: +----[SHA256]-----+
[   18.702619] cloud-init[967]: Generating public/private dsa key pair.
[   18.708204] cloud-init[967]: Your identification has been saved in /etc/ssh/ssh_host_dsa_key.
[   18.714478] cloud-init[967]: Your public key has been saved in /etc/ssh/ssh_host_dsa_key.pub.
[   18.720938] cloud-init[967]: The key fingerprint is:
[   18.737015] cloud-init[967]: SHA256:mdmmjI6sRPvMBbH2jf66+rvddde6zboWZUM3cD0rMJ8 root@ubuntu-bionic
[   18.743113] cloud-init[967]: The key's randomart image is:
[   18.747424] cloud-init[967]: +---[DSA 1024]----+[[0;32m  OK  [0m] Started Initial cloud-init job (metadata service crawler).
[[0;32m  OK  [0m
[   18.759565] cloud-init[967]: |             ....|
[   18.763590] cloud-init[967]: |           o  .+o|
[   18.767387] ] Reached target Network is Online.
cloud-init[967]: |    .       + o =|
         Starting Availability of block devices...
[[0;32m  OK  [0m] Reached target Remote File Systems (Pre).
[[0;32m  OK  [0m] Reached target Remote File Systems.
[[0;32m  OK  [0m] Reached target Cloud-config availability.
[[0;32m  OK  [0m] Reached target System Initialization.
         Starting Socket activation for snappy daemon.
[[0;32m  OK  [0m] Listening on UUID daemon activation socket.
[[0;32m  OK  [0m] Started Message of the Day.
[   18.804693]          Starting LXD - unix socket.
[[0;32m  OK  [0m] Started Daily Cleanup of Temporary Directories.
[[0;32m  OK  [0m] Started Daily apt download activities.
[[0;32m  OK  [0m] Started Daily apt upgrade and clean activities.
[[0;32m  OK  [0m] Started Ubuntu Advantage Timer for running repeated jobs.
[[0;32m  OK  [0m] Listening on D-Bus System Message Bus Socket.
[[0;32m  OK  [0m] Started Discard unused blocks once a week.
[[0;32m  OK  [0m] Reached target Timers.
cloud-init[967]: [[0;32m  OK  [0m] Started ACPI Events Check.
[[0;32m  OK  [0m] Reached target Paths.
[[0;32m  OK  [0m] Listening on ACPID Listen Socket.
[[0;32m  OK  [0m] Listening on cloud-init hotplug hook socket.
[[0;32m  OK  [0m] Listening on Open-iSCSI iscsid Socket.
[[0;32m  OK  [0m] Started Availability of block devices.
[[0;32m  OK  [0m] Listening on Socket activation for snappy daemon.
|     o   =   E oo|[[0;32m  OK  [0m] Listening on LXD - unix socket.
[[0;32m  OK  [0m] Reached target Sockets.
[[0;32m  OK  [0m] Reached target Basic System.
         Starting LXD - container startup/shutdown...

         Starting System Logging Service...
[   18.881012] cloud-init[967]: |  . +   S o   .o.|
[   18.897381] cloud-init[967]: | . o o = o    . .|
[   18.926555] cloud-init[967]: |  o   = +   . ..o|
[   18.940161] cloud-init[967]: | . = = . . . ..= |
[   18.945894] cloud-init[967]: |  ..BoO*o .  .=+o|
[   18.950965] cloud-init[967]: +----[SHA256]-----+
[   18.956924] cloud-init[967]: Generating public/private ecdsa key pair.
[   18.965058] cloud-init[967]: Your identification has been saved in /etc/ssh/ssh_host_ecdsa_key.
[   18.973963] cloud-init[967]: Your public key has been saved in /etc/ssh/ssh_host_ecdsa_key.pub.
[   18.981565] cloud-init[967]: The key fingerprint is:
[   18.985473] cloud-init[967]: SHA256:mgn4k42CPfCLCQbjuVD+1iT3XTApgX7X8YeCu1EMQsk root@ubuntu-bionic
[   18.993611] cloud-init[967]: The key's randomart image is:
[   18.997818] cloud-init[967]: +---[ECDSA 256]---+
[   19.004136] cloud-init[967]: |       +..       |
[   19.009791] cloud-init[967]: |      . E . .    |
[   19.016045] cloud-init[967]: |     .   o * o . |
[   19.023241] cloud-init[967]: |   .  . o * = o .|
[   19.030163] cloud-init[967]: |+ o .  .So = . . |
[[0;32m  OK  [0m] Started irqbalance daemon.
[   19.038291] cloud-init[967]: |oO...=o+  o .    |
[   19.046143]          Starting Pollinate to seed the pseudo random number generator...
[[0;32m  OK  [0m] Reached target Login Prompts (Pre).
cloud-init[967]: |++* ===. . +     |
         Starting LSB: automatic crash report generation...
[   19.056491] cloud-init[967]: |+o.=... . o      |
[   19.063984] cloud-init[967]: |o....            |
[[0;32m  OK  [0m] Started FUSE filesystem for LXC.
[   19.084740] cloud-init[967]: +----[SHA256]-----+
         Starting Login Service...
[   19.102883] cloud-init[967]: Generating public/private ed25519 key pair.
[   19.110500] cloud-init[967]: Your identification has been saved in /etc/ssh/ssh_host_ed25519_key.
[   19.126466] cloud-init[967]: Your public key has been saved in /etc/ssh/ssh_host_ed25519_key.pub.
[   19.132671] cloud-init[967]: The key fingerprint is:
[   19.135973] cloud-init[967]: SHA256:EtA5Yh+/5+xo22IKVn1GdQw+RDGf6lkH1upIBVUOi6g root@ubuntu-bionic
[   19.142118] cloud-init[967]: The key's randomart image is:
[   19.145638] cloud-init[967]: +--[ED25519 256]--+
[   19.168373] cloud-init[967]: |    .. .   .O=+..|
[   19.171584] cloud-init[967]: |    o.=    = *.* |
[   19.173758] cloud-init[967]: |   . o.+  o + B o|
[   19.176187] cloud-init[967]: |      .o.o   = o |
[   19.178391] cloud-init[967]: |      o E.o o o .|
[   19.180773] cloud-init[967]: |     . ..o.o = . |
[   19.182849] cloud-init[967]: |    o    +  + .  |
[   19.185394] cloud-init[967]: |   . .  +oo      |
[   19.188955] cloud-init[967]: |      .+o+o      |
[   19.193595] cloud-init[967]: +----[SHA256]-----+
         Starting Dispatcher daemon for systemd-networkd...
         Starting LSB: Record successful boot for GRUB...
         Starting Virtualbox guest utils...
[[0;32m  OK  [0m] Started Regular background program processing daemon.
         Starting Permit User Sessions...
[[0;32m  OK  [0m] Started D-Bus System Message Bus.
[[0;32m  OK  [0m] Started Deferred execution scheduler.
         Starting Snap Daemon...
         Starting Accounts Service...
[[0;32m  OK  [0m] Started System Logging Service.
[[0;32m  OK  [0m] Started Permit User Sessions.
[[0;32m  OK  [0m] Started Login Service.
[[0;32m  OK  [0m] Started Unattended Upgrades Shutdown.
         Starting Hold until boot process finishes up...
         Starting Terminate Plymouth Boot Screen...
[[0;32m  OK  [0m] Started Hold until boot process finishes up.
[[0;32m  OK  [0m] Started Terminate Plymouth Boot Screen.
         Starting Set console scheme...
[[0;32m  OK  [0m] Started Serial Getty on ttyS0.
[[0;32m  OK  [0m] Started Set console scheme.
[[0;32m  OK  [0m] Created slice system-getty.slice.
[[0;32m  OK  [0m] Started Getty on tty1.
[[0;32m  OK  [0m] Reached target Login Prompts.
         Starting Authorization Manager...
[[0;32m  OK  [0m] Started LSB: automatic crash report generation.
[[0;32m  OK  [0m] Started LSB: Record successful boot for GRUB.
[[0;32m  OK  [0m] Started LXD - container startup/shutdown.
[[0;32m  OK  [0m] Started Authorization Manager.
[[0;32m  OK  [0m] Started Accounts Service.
[[0;32m  OK  [0m] Started Virtualbox guest utils.
[[0;32m  OK  [0m] Started Dispatcher daemon for systemd-networkd.
[[0;32m  OK  [0m] Started Snap Daemon.
         Starting Wait until snapd is fully seeded...
         Starting Time & Date Service...
[[0;32m  OK  [0m] Started Time & Date Service.

Ubuntu 18.04.6 LTS ubuntu-bionic ttyS0

ubuntu-bionic login: [   31.398208] cloud-init[1686]: Cloud-init v. 22.4.2-0ubuntu0~18.04.1 running 'modules:config' at Sat, 24 Dec 2022 07:16:06 +0000. Up 30.47 seconds.
ci-info: no authorized SSH keys fingerprints found for user ubuntu.
<14>Dec 24 07:16:08 cloud-init: #############################################################
<14>Dec 24 07:16:08 cloud-init: -----BEGIN SSH HOST KEY FINGERPRINTS-----
<14>Dec 24 07:16:08 cloud-init: 1024 SHA256:mdmmjI6sRPvMBbH2jf66+rvddde6zboWZUM3cD0rMJ8 root@ubuntu-bionic (DSA)
<14>Dec 24 07:16:08 cloud-init: 256 SHA256:mgn4k42CPfCLCQbjuVD+1iT3XTApgX7X8YeCu1EMQsk root@ubuntu-bionic (ECDSA)
<14>Dec 24 07:16:08 cloud-init: 256 SHA256:EtA5Yh+/5+xo22IKVn1GdQw+RDGf6lkH1upIBVUOi6g root@ubuntu-bionic (ED25519)
<14>Dec 24 07:16:08 cloud-init: 2048 SHA256:jnFwJ5DPZcp+blZe+J3iCi1n5BBL5SV2HFJqtdjj+wk root@ubuntu-bionic (RSA)
<14>Dec 24 07:16:08 cloud-init: -----END SSH HOST KEY FINGERPRINTS-----
<14>Dec 24 07:16:08 cloud-init: #############################################################
-----BEGIN SSH HOST KEY KEYS-----
ecdsa-sha2-nistp256 AAAAE2VjZHNhLXNoYTItbmlzdHAyNTYAAAAIbmlzdHAyNTYAAABBBMVY4atuYQq+SvBPX07W2DmVOd0iD3qXrVWvbd2XzNnc4aG9wjhEZAdSnvjmCrO1KDQfE/UBRdZB91ycXLvywVY= root@ubuntu-bionic
ssh-ed25519 AAAAC3NzaC1lZDI1NTE5AAAAIPA7lY89pU9covqIQM5xHf2rOv2SmXBSOhxMgD/yaTI4 root@ubuntu-bionic
ssh-rsa AAAAB3NzaC1yc2EAAAADAQABAAABAQCtwO2cLHz17ClBee5SOzvN9RUN6/KQ0deUvLtbdmjf+BoGBJQKq7yDn+eOJ+rbiD8be5VdFbYoN7Cs8CFLLjxZsE60pVunqAYdopG3huaGRusCBTk9NF5BawzEeARIL2gGd8TfbAC3nUcZnrcSHBWld3k2L/OQhi5ONlTGNO2X4bGEwuJstB558GgcGXCHuUTc4ku02IdijU7fDcz+cBVEuTqtcwkTGGg5VzRajE9PovYglwYhj+WLruepeP3wIPu0IrOpruj7b2mtdNDaWHHtGnxFqZg9IHDvmudM9mz7A/eWC26Gy3KYt5ZGqwRByOCR/fs2YbATPC61EKGGRcyR root@ubuntu-bionic
-----END SSH HOST KEY KEYS-----
[   32.605748] cloud-init[1878]: Cloud-init v. 22.4.2-0ubuntu0~18.04.1 running 'modules:final' at Sat, 24 Dec 2022 07:16:08 +0000. Up 32.29 seconds.
[   32.605979] cloud-init[1878]: Cloud-init v. 22.4.2-0ubuntu0~18.04.1 finished at Sat, 24 Dec 2022 07:16:08 +0000. Datasource DataSourceNoCloud [seed=/dev/sdb][dsmode=net].  Up 32.59 seconds
[[0;32m  OK  [0m] Stopped target Cloud-init target.
[[0;32m  OK  [0m] Stopped Execute cloud user/final scripts.
[[0;32m  OK  [0m] Stopped Apply the settings specified in cloud-config.
         Stopping Authorization Manager...
         Stopping User Manager for UID 1000...
[[0;32m  OK  [0m] Closed Load/Save RF Kill Switch Status /dev/rfkill Watch.
         Stopping Session 10 of user vagrant.
[[0;32m  OK  [0m] Stopped target Cloud-config availability.
[[0;32m  OK  [0m] Stopped target Timers.
[[0;32m  OK  [0m] Stopped Ubuntu Advantage Timer for running repeated jobs.
[[0;32m  OK  [0m] Stopped Daily apt upgrade and clean activities.
[[0;32m  OK  [0m] Stopped Daily apt download activities.
[[0;32m  OK  [0m] Stopped Daily Cleanup of Temporary Directories.
[[0;32m  OK  [0m] Stopped Discard unused blocks once a week.
[[0;32m  OK  [0m] Stopped Message of the Day.
         Stopping Availability of block devices...
[[0;32m  OK  [0m] Stopped target Graphical Interface.
         Stopping Accounts Service...
[[0;32m  OK  [0m] Stopped target Multi-User System.
         Stopping Regular background program processing daemon...
         Stopping LXD - container startup/shutdown...
         Stopping OpenBSD Secure Shell server...
         Stopping Deferred execution scheduler...
         Stopping irqbalance daemon...
         Stopping The Apache HTTP Server...
[[0;32m  OK  [0m] Stopped Wait until snapd is fully seeded.
[[0;32m  OK  [0m] Stopped target Login Prompts.
         Stopping Serial Getty on ttyS0...
         Stopping Getty on tty1...
         Stopping Virtualbox guest utils...
         Stopping System Logging Service...
         Stopping LSB: automatic crash report generation...
         Stopping D-Bus System Message Bus...
         Stopping MySQL Community Server...
         Stopping FUSE filesystem for LXC...
         Stopping Dispatcher daemon for systemd-networkd...
         Stopping LSB: Record successful boot for GRUB...
[[0;32m  OK  [0m] Stopped Clean PHP session files every 30 mins.
[[0;32m  OK  [0m] Stopped target System Time Synchronized.
[[0;32m  OK  [0m] Unmounted /var/lib/lxcfs.
[[0;32m  OK  [0m] Stopped System Logging Service.
[[0;32m  OK  [0m] Stopped irqbalance daemon.
[[0;32m  OK  [0m] Stopped Dispatcher daemon for systemd-networkd.
[[0;32m  OK  [0m] Stopped Regular background program processing daemon.
[[0;32m  OK  [0m] Stopped Deferred execution scheduler.
[[0;32m  OK  [0m] Stopped Accounts Service.
[[0;32m  OK  [0m] Stopped Serial Getty on ttyS0.
[[0;32m  OK  [0m] Stopped Getty on tty1.
[[0;32m  OK  [0m] Stopped Authorization Manager.
[[0;32m  OK  [0m] Stopped User Manager for UID 1000.
[[0;32m  OK  [0m] Stopped Session 10 of user vagrant.
[[0;32m  OK  [0m] Stopped OpenBSD Secure Shell server.
[[0;32m  OK  [0m] Stopped D-Bus System Message Bus.
[[0;32m  OK  [0m] Stopped FUSE filesystem for LXC.
[[0;32m  OK  [0m] Removed slice User Slice of vagrant.
         Stopping Login Service...
[[0;32m  OK  [0m] Removed slice system-getty.slice.
[[0;32m  OK  [0m] Stopped target Login Prompts (Pre).
[[0;32m  OK  [0m] Removed slice system-serial\x2dgetty.slice.
         Stopping Permit User Sessions...
[[0;32m  OK  [0m] Stopped LXD - container startup/shutdown.
[[0;32m  OK  [0m] Stopped Availability of block devices.
[[0;32m  OK  [0m] Stopped Permit User Sessions.
[[0;32m  OK  [0m] Stopped LSB: automatic crash report generation.
[[0;32m  OK  [0m] Stopped LSB: Record successful boot for GRUB.
[[0;32m  OK  [0m] Stopped Virtualbox guest utils.
[[0;32m  OK  [0m] Stopped Login Service.
[[0;32m  OK  [0m] Stopped target User and Group Name Lookups.
[[0;32m  OK  [0m] Stopped The Apache HTTP Server.
[[0;32m  OK  [0m] Stopped target Remote File Systems.
         Unmounting /vagrant...
[[0;32m  OK  [0m] Stopped target Host and Network Name Lookups.
[[0;32m  OK  [0m] Unmounted /vagrant.
[[0;32m  OK  [0m] Stopped target Network is Online.
[[0;32m  OK  [0m] Stopped target Remote File Systems (Pre).
[[0;32m  OK  [0m] Stopped MySQL Community Server.
[[0;32m  OK  [0m] Stopped target Network.
         Stopping Network Name Resolution...
[[0;32m  OK  [0m] Stopped target Basic System.
[[0;32m  OK  [0m] Stopped target Slices.
[[0;32m  OK  [0m] Removed slice User and Session Slice.
[[0;32m  OK  [0m] Stopped target Paths.
[[0;32m  OK  [0m] Stopped ACPI Events Check.
[[0;32m  OK  [0m] Stopped target Sockets.
[[0;32m  OK  [0m] Closed ACPID Listen Socket.
[[0;32m  OK  [0m] Closed D-Bus System Message Bus Socket.
[[0;32m  OK  [0m] Closed Syslog Socket.
[[0;32m  OK  [0m] Closed LXD - unix socket.
[[0;32m  OK  [0m] Closed Open-iSCSI iscsid Socket.
[[0;32m  OK  [0m] Closed cloud-init hotplug hook socket.
[[0;32m  OK  [0m] Closed UUID daemon activation socket.
[[0;32m  OK  [0m] Closed Socket activation for snappy daemon.
[[0;32m  OK  [0m] Stopped target System Initialization.
[[0;32m  OK  [0m] Stopped Initial cloud-init job (metadata service crawler).
[[0;32m  OK  [0m] Stopped target Local Encrypted Volumes.
[[0;32m  OK  [0m] Stopped Forward Password Requests to Wall Directory Watch.
[[0;32m  OK  [0m] Stopped Dispatch Password Requests to Console Directory Watch.
         Stopping Load/Save Random Seed...
         Stopping Update UTMP about System Boot/Shutdown...
[[0;32m  OK  [0m] Stopped Commit a transient machine-id on disk.
[[0;32m  OK  [0m] Stopped Network Name Resolution.
[[0;32m  OK  [0m] Stopped Load/Save Random Seed.
         Stopping Network Service...
[[0;32m  OK  [0m] Stopped Update UTMP about System Boot/Shutdown.
[[0;32m  OK  [0m] Stopped Create Volatile Files and Directories.
[[0;32m  OK  [0m] Stopped target Local File Systems.
         Unmounting /run/user/1000...
[[0;32m  OK  [0m] Unmounted /run/user/1000.
[[0;32m  OK  [0m] Reached target Unmount All Filesystems.
[[0;32m  OK  [0m] Stopped target Swap.
[[0;32m  OK  [0m] Stopped target Local File Systems (Pre).
         Stopping Monitoring of LVM2 mirrorsâ€¦ng dmeventd or progress polling...
[[0;32m  OK  [0m] Stopped Create Static Device Nodes in /dev.
[[0;32m  OK  [0m] Stopped Monitoring of LVM2 mirrors,â€¦sing dmeventd or progress polling.
         Stopping LVM2 metadata daemon...
[[0;32m  OK  [0m] Stopped LVM2 metadata daemon.
[[0;32m  OK  [0m] Stopped Network Service.
[[0;32m  OK  [0m] Stopped Apply Kernel Variables.
[[0;32m  OK  [0m] Stopped Load Kernel Modules.
[[0;32m  OK  [0m] Stopped target Network (Pre).
[[0;32m  OK  [0m] Stopped Initial cloud-init job (pre-networking).
[[0;32m  OK  [0m] Stopped Remount Root and Kernel File Systems.
[[0;32m  OK  [0m] Reached target Shutdown.
[[0;32m  OK  [0m] Reached target Final Step.
         Starting Power-Off...
[ 2263.789147] reboot: Power down
